+ cargo clippy --locked -p android_ui --release --all-targets --all-features -- --deny warnings
   Compiling serde_core v1.0.229
   Compiling libc v0.2.186
   Compiling serde v1.0.229
   Compiling typeid v1.0.3
   Compiling erased-serde v0.4.9
   Compiling libm v0.2.16
    Checking allocator-api2 v0.2.21
    Checking foldhash v0.2.0
   Compiling jobserver v0.1.34
    Checking serde_fmt v1.0.3
   Compiling cc v1.4.3
    Checking smallvec v1.16.1
    Checking bitflags v2.13.1
    Checking value-bag-serde1 v1.12.0
    Checking value-bag v1.12.0
    Checking hashbrown v0.17.1
    Checking log v0.4.29
    Checking indexmap v2.14.0
   Compiling serde_json v1.0.151
   Compiling num-traits v0.2.19
   Compiling crossbeam-utils v0.8.21
    Checking futures-io v0.3.34
    Checking scopeguard v1.2.0
   Compiling zerocopy v0.8.27
    Checking stable_deref_trait v1.2.1
   Compiling zerocopy-derive v0.8.27
    Checking lock_api v0.4.14
    Checking hashbrown v0.16.1
   Compiling rustix v1.1.4
   Compiling cfg_aliases v0.2.1
    Checking const-oid v0.9.6
   Compiling zstd-sys v2.0.16+zstd.1.5.7
   Compiling regex-syntax v0.8.11
    Checking linux-raw-sys v0.12.1
    Checking rustc-hash v2.1.1
    Checking zerofrom v0.1.6
    Checking fastrand v2.3.0
    Checking yoke v0.8.3
    Checking slab v0.4.11
   Compiling parking_lot_core v0.9.12
    Checking simd-adler32 v0.3.7
    Checking digest v0.10.7
    Checking zerovec v0.11.8
   Compiling async-io v2.6.0
   Compiling aho-corasick v1.1.3
    Checking parking v2.2.1
    Checking miniz_oxide v0.8.9
    Checking concurrent-queue v2.5.0
   Compiling regex-automata v0.4.18
    Checking tinystr v0.8.4
    Checking litemap v0.8.0
   Compiling zstd-safe v7.3.0
    Checking writeable v0.6.4
    Checking potential_utf v0.1.3
    Checking zerotrie v0.2.5
    Checking icu_locale_core v2.3.0
    Checking futures-lite v2.6.1
    Checking icu_provider v2.3.0
   Compiling bytemuck_derive v1.10.2
    Checking arrayvec v0.7.6
   Compiling getrandom v0.3.4
   Compiling ref-cast v1.0.25
    Checking icu_collections v2.3.0
    Checking parking_lot v0.12.5
    Checking flate2 v1.1.8
    Checking bytemuck v1.24.0
    Checking sha2 v0.10.9
    Checking event-listener v5.4.1
   Compiling ref-cast-impl v1.0.25
    Checking utf16_iter v1.0.5
    Checking write16 v1.0.0
    Checking icu_normalizer v2.3.0
    Checking event-listener-strategy v0.5.4
    Checking icu_properties v2.3.0
    Checking ppv-lite86 v0.2.21
   Compiling no_std_io2 v0.9.4
   Compiling serde_derive_internals v0.29.1
    Checking async-task v4.7.1 (https://github.com/smol-rs/async-task.git?rev=b4486cd71e4e94fbda54ce6302444de14f4d190e#b4486cd7)
    Checking siphasher v1.0.1
    Checking either v1.15.0
   Compiling rle-decode-fast v1.0.3
   Compiling libflate_lz77 v2.3.0
   Compiling schemars_derive v1.0.4
    Checking futures-util v0.3.34
    Checking polling v3.11.0
   Compiling adler32 v1.2.0
   Compiling dary_heap v0.3.9
   Compiling libflate v2.3.1
    Checking idna_adapter v1.2.1
    Checking async-channel v2.5.0
   Compiling nix v0.30.1
   Compiling proc-macro-error-attr3 v3.1.1
   Compiling proc-macro-error3 v3.1.1
    Checking idna v1.1.0
    Checking futures-executor v0.3.34
    Checking piper v0.2.4
   Compiling bstr v1.12.1
   Compiling same-file v1.0.6
   Compiling walkdir v2.5.0
   Compiling globset v0.4.17
    Checking url v2.5.7
    Checking blocking v1.6.2
    Checking futures v0.3.34
    Checking async-lock v3.4.2
    Checking rand_core v0.9.3
   Compiling serde_json_lenient v0.2.4
   Compiling rust-embed-utils v8.11.0
    Checking itertools v0.14.0
   Compiling gpui_util v0.1.0 (/workspace/android-studio-toolbar-scroll-lead/crates/gpui_util)
    Checking signal-hook-registry v1.4.6
    Checking dyn-clone v1.0.20
    Checking schemars v1.0.4
   Compiling collections v0.1.0 (/workspace/android-studio-toolbar-scroll-lead/crates/collections)
   Compiling rust-embed-impl v8.11.0
    Checking rand_chacha v0.9.0
    Checking async-executor v1.13.3
    Checking getrandom v0.4.1
    Checking rand v0.9.4
    Checking regex v1.12.3
    Checking libbz2-rs-sys v0.2.2
    Checking dirs-sys v0.5.0
    Checking bzip2 v0.6.1
    Checking tempfile v3.27.0
    Checking async-signal v0.2.13
    Checking unicase v2.8.1
    Checking compression-core v0.4.29
    Checking deflate64 v0.1.10
    Checking async-process v2.5.0 (https://github.com/zed-industries/async-process.git?rev=0b6d6713570af61806e1e5cb40e0f757cb93fd9d#0b6d6713)
    Checking compression-codecs v0.4.31
    Checking dirs v6.0.0
    Checking async-fs v2.2.0
    Checking async-net v2.0.0
    Checking half v2.7.1
    Checking crossbeam-epoch v0.9.18
    Checking tracing-core v0.1.35
    Checking dunce v1.0.5
    Checking path v0.1.0 (/workspace/android-studio-toolbar-scroll-lead/crates/path)
    Checking crossbeam-deque v0.8.6
    Checking smol v2.0.2
    Checking async-compression v0.4.32
   Compiling perf v0.1.0 (/workspace/android-studio-toolbar-scroll-lead/tooling/perf)
    Checking spin v0.9.8
    Checking which v8.0.5
    Checking chrono v0.4.42
    Checking command-fds v0.3.2
   Compiling zstd v0.13.3
   Compiling include-flate-compress v0.3.4
   Compiling include-flate-codegen v0.3.4
   Compiling util_macros v0.1.0 (/workspace/android-studio-toolbar-scroll-lead/crates/util_macros)
    Checking async_zip v0.0.18
    Checking euclid v0.22.14
   Compiling tracing-attributes v0.1.31
    Checking shlex v1.3.0
    Checking core_maths v0.1.1
   Compiling thiserror-impl v1.0.69
   Compiling rayon-core v1.13.0
    Checking lazy_static v1.5.0
    Checking tracing v0.1.43
    Checking polycool v0.4.0
   Compiling slotmap v1.0.7
    Checking smol_str v0.3.6
    Checking kurbo v0.13.1
    Checking thread_local v1.1.9
    Checking event-listener v2.5.3
    Checking raw-window-handle v0.6.2
    Checking nu-ansi-term v0.50.3
    Checking sha1_smol v1.0.1
    Checking uuid v1.18.1
    Checking async-channel v1.9.0
    Checking gpui_shared_string v0.1.0 (/workspace/android-studio-toolbar-scroll-lead/crates/gpui_shared_string)
    Checking rayon v1.11.0
    Checking svgtypes v0.16.1
    Checking sharded-slab v0.1.7
    Checking ttf-parser v0.25.1
    Checking tracing-log v0.2.0
    Checking async-global-executor v2.4.1
    Checking fdeflate v0.3.7
    Checking kv-log-macro v1.0.7
   Compiling profiling-procmacros v1.0.17
    Checking tinyvec_macros v0.1.1
   Compiling heapless v0.9.2
    Checking pin-utils v0.1.0
   Compiling ztracing v0.1.0 (/workspace/android-studio-toolbar-scroll-lead/crates/ztracing)
    Checking float-cmp v0.9.0
    Checking roxmltree v0.20.0
    Checking strict-num v0.1.1
    Checking async-std v1.13.2
    Checking fontconfig-parser v0.5.8
    Checking tinyvec v1.10.0
    Checking profiling v1.0.17
    Checking tracing-subscriber v0.3.22
    Checking hash32 v0.3.1
    Checking lyon_geom v1.0.17
    Checking zlog v0.1.0 (/workspace/android-studio-toolbar-scroll-lead/crates/zlog)
   Compiling convert_case v0.11.0
    Checking xattr v1.6.1
    Checking memmap2 v0.9.8
    Checking filetime v0.2.29
    Checking roxmltree v0.21.1
    Checking data-url v0.3.2
    Checking weezl v0.1.10
    Checking zune-core v0.5.1
    Checking unicode-script v0.5.8
    Checking arrayref v0.3.9
    Checking quick-error v2.0.1
   Compiling ztracing_macro v0.1.0 (/workspace/android-studio-toolbar-scroll-lead/crates/ztracing_macro)
    Checking bitflags v1.3.2
    Checking tiny-skia-path v0.11.4
    Checking zune-jpeg v0.5.15
    Checking async-tar v0.6.1 (https://github.com/zed-industries/async-tar?rev=bd3ad6f89df9a9da7a8535958756d6bf465936a0#bd3ad6f8)
    Checking fontdb v0.23.0
    Checking lyon_path v1.0.16
   Compiling thiserror v1.0.69
    Checking serde_urlencoded v0.7.1
   Compiling fax_derive v0.2.0
    Checking unicode-bidi v0.3.18
    Checking unicode-ccc v0.4.0
    Checking unicode-bidi-mirroring v0.4.0
    Checking bit-vec v0.8.0
    Checking byteorder-lite v0.1.0
    Checking color_quant v1.1.0
    Checking unicode-properties v0.1.3
    Checking bit-set v0.8.0
    Checking image-webp v0.2.4
    Checking rustybuzz v0.20.1
    Checking gif v0.14.2
    Checking fax v0.2.6
    Checking sum_tree v0.1.0 (/workspace/android-studio-toolbar-scroll-lead/crates/sum_tree)
    Checking png v0.17.16
    Checking zune-inflate v0.2.54
    Checking crossbeam-queue v0.3.12
    Checking pxfm v0.1.25
    Checking simplecss v0.2.2
    Checking wait-timeout v0.2.1
    Checking bit_field v0.10.3
    Checking xmlwriter v0.1.0
    Checking imagesize v0.14.0
    Checking pico-args v0.5.0
    Checking atomic v0.5.3
    Checking float_next_after v1.0.0
    Checking unicode-vo v0.1.0
    Checking lebe v0.5.3
    Checking pollster v0.2.5
    Checking quick-error v1.2.3
    Checking exr v1.74.0
    Checking rusty-fork v0.3.1
    Checking postage v0.5.0
    Checking usvg v0.46.0
    Checking moxcms v0.8.1
    Checking lyon_tessellation v1.0.16
    Checking backtrace v0.3.76
    Checking tiny-skia v0.11.4
    Checking tiff v0.11.3
    Checking lyon_algorithms v1.0.16
   Compiling proptest-macro v0.5.0 (https://github.com/proptest-rs/proptest?rev=3dca198a8fef1b32e3a66f1e1897c955b4dc5b5b#3dca198a)
    Checking png v0.18.0
    Checking flume v0.12.0
    Checking rand_xorshift v0.4.0
    Checking qoi v0.4.1
    Checking rgb v0.8.52
   Compiling enumn v0.1.14
   Compiling derive_refineable v0.1.0 (/workspace/android-studio-toolbar-scroll-lead/crates/refineable/derive_refineable)
    Checking svg_fmt v0.4.5
   Compiling gpui v0.2.2 (/workspace/android-studio-toolbar-scroll-lead/crates/gpui)
    Checking web-time v1.1.0
    Checking pollster v0.4.0
    Checking link-section v0.19.2
   Compiling linktime-proc-macro v0.2.2
    Checking unarray v0.1.4
    Checking proptest v1.10.0 (https://github.com/proptest-rs/proptest?rev=3dca198a8fef1b32e3a66f1e1897c955b4dc5b5b#3dca198a)
    Checking refineable v0.1.0 (/workspace/android-studio-toolbar-scroll-lead/crates/refineable)
    Checking scheduler v0.1.0 (/workspace/android-studio-toolbar-scroll-lead/crates/scheduler)
    Checking ctor v1.0.12
    Checking futures-concurrency v7.7.1
    Checking etagere v0.2.15
    Checking accesskit v0.24.1
    Checking image v0.25.10
    Checking resvg v0.46.0
    Checking lyon v1.0.16
    Checking taffy v0.13.0
   Compiling gpui_macros v0.1.0 (/workspace/android-studio-toolbar-scroll-lead/crates/gpui_macros)
    Checking spin v0.10.0
    Checking num_cpus v1.17.0
    Checking inventory v0.3.21
    Checking waker-fn v1.2.0
    Checking seahash v4.1.0
    Checking semver v1.0.28
   Compiling wasmtime-internal-core v48.0.1
   Compiling cranelift-srcgen v0.135.1
   Compiling tree-sitter-language v0.1.8 (https://github.com/tree-sitter/tree-sitter?rev=43623ec9bf0eaaf7113285c46e8a09018f181b18#43623ec9)
   Compiling cranelift-assembler-x64-meta v0.135.1
   Compiling pulley-macros v48.0.1
   Compiling cranelift-bitset v0.135.1
   Compiling cranelift-isle v0.135.1
   Compiling pulley-interpreter v48.0.1
   Compiling ring v0.17.14
   Compiling target-lexicon v0.13.5
   Compiling cranelift-codegen-shared v0.135.1
   Compiling cranelift-codegen-meta v0.135.1
    Checking cranelift-entity v0.135.1
   Compiling cranelift-assembler-x64 v0.135.1
    Checking cobs v0.3.0
    Checking postcard v1.1.3
    Checking cranelift-bforest v0.135.1
    Checking gimli v0.33.0
    Checking bumpalo v3.20.3
    Checking arbitrary v1.4.2
    Checking cranelift-control v0.135.1
   Compiling cranelift-codegen v0.135.1
    Checking regalloc2 v0.15.2
   Compiling object v0.39.1
    Checking unicode-segmentation v1.13.3
   Compiling rustc_version v0.4.1
   Compiling prost-derive v0.14.4
    Checking wasmparser v0.254.0
    Checking mio v1.2.0
    Checking leb128fmt v0.1.0
    Checking termcolor v1.4.1
    Checking wasm-encoder v0.254.0
    Checking wasmprinter v0.254.0
   Compiling logos-codegen v0.15.1
   Compiling wasmtime-internal-versioned-export-macros v48.0.1
   Compiling wasmtime-internal-unwinder v48.0.1
    Checking wasmtime-internal-component-util v48.0.1
   Compiling prost v0.14.4
    Checking wasmtime-environ v48.0.1
   Compiling beef v0.5.2
   Compiling wasmtime-internal-cranelift v48.0.1
   Compiling wasmtime-c-api-impl v48.0.1
   Compiling phf_shared v0.13.1
   Compiling prost-types v0.14.4
   Compiling wasmtime v48.0.1
   Compiling logos-codegen v0.16.1
    Checking getrandom v0.2.16
   Compiling miette-derive v7.6.0
   Compiling unicode-width v0.1.14
   Compiling miette v7.6.0
   Compiling logos-derive v0.16.1
   Compiling logos-derive v0.15.1
    Checking wasmtime-internal-jit-icache-coherence v48.0.1
    Checking memfd v0.6.5
   Compiling tree-sitter v0.27.0 (https://github.com/tree-sitter/tree-sitter?rev=43623ec9bf0eaaf7113285c46e8a09018f181b18#43623ec9)
   Compiling cmake v0.1.56
   Compiling prettyplease v0.2.37
   Compiling foldhash v0.1.5
   Compiling aws-lc-sys v0.42.0
   Compiling hashbrown v0.15.5
   Compiling logos v0.15.1
   Compiling logos v0.16.1
   Compiling phf_generator v0.13.1
   Compiling const_format_proc_macros v0.2.34
   Compiling wasmtime-internal-c-api-macros v48.0.1
   Compiling fixedbitset v0.5.7
   Compiling petgraph v0.8.3
    Checking const_format v0.2.35
   Compiling prost-reflect v0.16.5
    Checking include-flate v0.3.4
    Checking rust-embed v8.11.0
    Checking util v0.1.0 (/workspace/android-studio-toolbar-scroll-lead/crates/util)
    Checking http_client v0.1.0 (/workspace/android-studio-toolbar-scroll-lead/crates/http_client)
   Compiling protox-parse v0.9.0
    Checking cloud_llm_client v0.1.0 (/workspace/android-studio-toolbar-scroll-lead/crates/cloud_llm_client)
    Checking streaming-iterator v0.1.9
   Compiling multimap v0.8.3
   Compiling paths v0.1.0 (/workspace/android-studio-toolbar-scroll-lead/crates/paths)
   Compiling prost-build v0.14.4
   Compiling protox v0.9.1
    Checking ignore v0.4.24
   Compiling tree-sitter-json v0.24.8
   Compiling release_channel v0.1.0 (/workspace/android-studio-toolbar-scroll-lead/crates/release_channel)
   Compiling aws-lc-rs v1.17.1
   Compiling proto v0.1.0 (/workspace/android-studio-toolbar-scroll-lead/crates/proto)
    Checking partial-json-fixer v0.5.3
   Compiling palette v0.7.6
   Compiling by_address v1.2.1
   Compiling palette_derive v0.7.6
    Checking language_model_core v0.1.0 (/workspace/android-studio-toolbar-scroll-lead/crates/language_model_core)
    Checking serde_path_to_error v0.1.20
    Checking socket2 v0.6.5
   Compiling tokio-macros v2.7.0
    Checking fast-srgb8 v1.0.0
   Compiling time-macros v0.2.27
    Checking cranelift-frontend v0.135.1
    Checking cranelift-native v0.135.1
    Checking deranged v0.5.4
    Checking tokio v1.52.1
    Checking rope v0.1.0 (/workspace/android-studio-toolbar-scroll-lead/crates/rope)
    Checking net v0.1.0 (/workspace/android-studio-toolbar-scroll-lead/crates/net)
    Checking clock v0.1.0 (/workspace/android-studio-toolbar-scroll-lead/crates/clock)
    Checking inotify-sys v0.1.5
   Compiling settings_macros v0.1.0 (/workspace/android-studio-toolbar-scroll-lead/crates/settings_macros)
    Checking num_threads v0.1.7
   Compiling rustls v0.23.40
    Checking urlencoding v2.1.3
    Checking time v0.3.47
    Checking settings_json v0.1.0 (/workspace/android-studio-toolbar-scroll-lead/crates/settings_json)
    Checking settings_content v0.1.0 (/workspace/android-studio-toolbar-scroll-lead/crates/settings_content)
    Checking inotify v0.11.0
    Checking text v0.1.0 (/workspace/android-studio-toolbar-scroll-lead/crates/text)
    Checking askpass v0.1.0 (/workspace/android-studio-toolbar-scroll-lead/crates/askpass)
    Checking telemetry_events v0.1.0 (/workspace/android-studio-toolbar-scroll-lead/crates/telemetry_events)
    Checking notify-types v2.1.0 (https://github.com/zed-industries/notify?rev=d842f16b2716bd60f09caf3ae3a894237ab38f54#d842f16b)
    Checking xxhash-rust v0.8.15
    Checking notify v9.0.0-rc.4 (https://github.com/zed-industries/notify?rev=d842f16b2716bd60f09caf3ae3a894237ab38f54#d842f16b)
    Checking telemetry v0.1.0 (/workspace/android-studio-toolbar-scroll-lead/crates/telemetry)
    Checking git v0.1.0 (/workspace/android-studio-toolbar-scroll-lead/crates/git)
    Checking trash v5.2.5 (https://github.com/zed-industries/trash-rs?rev=41c6c800d884a89351f3b8856d12894cccee261d#41c6c800)
    Checking rand_core v0.6.4
    Checking is_executable v1.0.5
    Checking base64ct v1.8.0
    Checking ec4rs v1.2.0
    Checking pem-rfc7468 v0.7.0
    Checking rand_chacha v0.3.1
    Checking syntax_theme v0.1.0 (/workspace/android-studio-toolbar-scroll-lead/crates/syntax_theme)
   Compiling phf_macros v0.13.1
   Compiling phf_codegen v0.13.1
    Checking phf v0.13.1
    Checking theme v0.1.0 (/workspace/android-studio-toolbar-scroll-lead/crates/theme)
    Checking rand v0.8.6
    Checking der v0.7.10
    Checking sha1 v0.10.6
    Checking encoding_rs v0.8.35
    Checking spki v0.7.3
    Checking num-integer v0.1.46
   Compiling num-bigint-dig v0.8.6
   Compiling zstd-safe v5.0.2+zstd.1.5.2
    Checking num-iter v0.1.45
    Checking pkcs8 v0.10.2
    Checking serde_spanned v0.6.9
    Checking toml_datetime v0.6.11
    Checking data-encoding v2.9.0
    Checking utf-8 v0.7.6
    Checking toml_edit v0.22.27
    Checking migrator v0.1.0 (/workspace/android-studio-toolbar-scroll-lead/crates/migrator)
    Checking pkcs1 v0.7.5
    Checking fs v0.1.0 (/workspace/android-studio-toolbar-scroll-lead/crates/fs)
    Checking signature v2.2.0
    Checking imara-diff v0.2.0
    Checking rsa v0.9.10
    Checking zstd v0.11.2+zstd.1.5.2
    Checking toml v0.8.23
    Checking zed_actions v0.1.0 (/workspace/android-studio-toolbar-scroll-lead/crates/zed_actions)
    Checking nucleo-matcher v0.3.1
    Checking shellexpand v3.1.1
    Checking lru v0.16.4
   Compiling tree-sitter-typescript v0.23.2 (https://github.com/zed-industries/tree-sitter-typescript?rev=e2c53597d6a5d9cf7bbe8dccde576fe1e46c5899#e2c53597)
   Compiling tree-sitter-python v0.25.0
   Compiling tree-sitter-md v0.3.2 (https://github.com/zed-industries/tree-sitter-markdown?rev=b596e737286780d7bfa9fcddceaeeb754574b352#b596e737)
   Compiling tree-sitter-rust v0.24.2
    Checking new_debug_unreachable v1.0.6
    Checking hex v0.4.3
    Checking settings v0.1.0 (/workspace/android-studio-toolbar-scroll-lead/crates/settings)
    Checking task v0.1.0 (/workspace/android-studio-toolbar-scroll-lead/crates/task)
    Checking language_core v0.1.0 (/workspace/android-studio-toolbar-scroll-lead/crates/language_core)
    Checking nucleo v0.5.0
    Checking watch v0.1.0 (/workspace/android-studio-toolbar-scroll-lead/crates/watch)
    Checking fuzzy v0.1.0 (/workspace/android-studio-toolbar-scroll-lead/crates/fuzzy)
    Checking lsp-types v0.95.1 (https://github.com/zed-industries/lsp-types?rev=f1783e63a7f4eb4397bf51d4148b4895a1f7ab16#f1783e63)
    Checking async-pipe v0.1.3 (https://github.com/zed-industries/async-pipe-rs?rev=82d00a04211cf4e1236029aa03e6b6ce2a74c553#82d00a04)
   Compiling language v0.1.0 (/workspace/android-studio-toolbar-scroll-lead/crates/language)
    Checking precomputed-hash v0.1.1
    Checking fuzzy_nucleo v0.1.0 (/workspace/android-studio-toolbar-scroll-lead/crates/fuzzy_nucleo)
    Checking grammars v0.1.0 (/workspace/android-studio-toolbar-scroll-lead/crates/grammars)
    Checking chardetng v0.1.17
    Checking diffy v0.4.2
    Checking lsp v0.1.0 (/workspace/android-studio-toolbar-scroll-lead/crates/lsp)
    Checking yansi v1.0.1
    Checking ciborium-io v0.2.2
   Compiling object v0.37.3
    Checking diff v0.1.13
    Checking dtoa v1.0.10
    Checking dtoa-short v0.3.5
    Checking pretty_assertions v1.4.1
    Checking ciborium-ll v0.2.2
    Checking hyper v1.11.1
   Compiling tokio-util v0.7.18
   Compiling selectors v0.37.0
    Checking webpki-roots v1.0.8
   Compiling string_cache_codegen v0.6.1
   Compiling cssparser-macros v0.6.1
    Checking ascii v1.1.0
    Checking httpdate v1.0.3
   Compiling icu_locale_fallback_data v2.3.0
    Checking chunked_transfer v1.5.0
   Compiling vcpkg v0.2.15
    Checking tiny_http v0.12.0
    Checking cssparser v0.36.0
   Compiling libsqlite3-sys v0.30.1
   Compiling web_atoms v0.2.6
   Compiling htmlize v1.1.0
   Compiling h2 v0.4.19
    Checking hyper-util v0.1.17
    Checking ciborium v0.2.2
   Compiling rustls-webpki v0.103.13
    Checking zeta_prompt v0.1.0 (/workspace/android-studio-toolbar-scroll-lead/crates/zeta_prompt)
    Checking credentials_provider v0.1.0 (/workspace/android-studio-toolbar-scroll-lead/crates/credentials_provider)
    Checking servo_arc v0.4.3
    Checking nom v8.0.0
   Compiling lalrpop-util v0.23.1
   Compiling unicode-general-category v1.1.0
    Checking minimal-lexical v0.2.1
   Compiling icu_collator_data v2.3.0
    Checking nom v7.1.3
   Compiling ar_archive_writer v0.5.1
    Checking cloud_api_types v0.1.0 (/workspace/android-studio-toolbar-scroll-lead/crates/cloud_api_types)
    Checking string_cache v0.9.0
    Checking gpui_tokio v0.1.0 (/workspace/android-studio-toolbar-scroll-lead/crates/gpui_tokio)
   Compiling feature_flags_macros v0.1.0 (/workspace/android-studio-toolbar-scroll-lead/crates/feature_flags_macros)
   Compiling pastey v0.1.1
    Checking ucd-trie v0.1.7
    Checking mime v0.3.17
   Compiling pulldown-cmark v0.13.4
    Checking unicode-linebreak v0.1.5
    Checking arraydeque v0.5.1
    Checking lol_html v3.0.1
    Checking granit-parser v1.0.0
    Checking json5 v1.3.1
    Checking feature_flags v0.1.0 (/workspace/android-studio-toolbar-scroll-lead/crates/feature_flags)
   Compiling tokio-rustls v0.26.4
    Checking icu_locale_fallback v2.3.0
   Compiling psm v0.1.30
    Checking zed_credentials_provider v0.1.0 (/workspace/android-studio-toolbar-scroll-lead/crates/zed_credentials_provider)
    Checking tendril v0.5.1
    Checking proxy_handshake v0.1.0 (/workspace/android-studio-toolbar-scroll-lead/crates/proxy_handshake)
   Compiling itertools v0.15.0
    Checking icons v0.1.0 (/workspace/android-studio-toolbar-scroll-lead/crates/icons)
   Compiling strum v0.28.0
    Checking dugong-graphlib v0.8.0-alpha.5
   Compiling optfield v0.4.0
   Compiling option-ext v0.2.0
    Checking ryu-js v1.0.2
   Compiling tower v0.5.2
    Checking merman-core v0.8.0-alpha.5
    Checking dugong v0.8.0-alpha.5
   Compiling documented-macros v0.10.0
    Checking markup5ever v0.39.0
   Compiling hyper-rustls v0.27.9
    Checking icu_collator v2.3.0
   Compiling tokio-socks v0.5.2
    Checking node_runtime v0.1.0 (/workspace/android-studio-toolbar-scroll-lead/crates/node_runtime)
    Checking roughr-merman v0.12.3
   Compiling pin-project v1.1.10
    Checking manatee v0.8.0-alpha.5
   Compiling stacker v0.1.25
    Checking quick-xml v0.41.0
    Checking libloading v0.8.9
   Compiling ui v0.1.0 (/workspace/android-studio-toolbar-scroll-lead/crates/ui)
   Compiling signal-hook v0.4.4
   Compiling zed-reqwest v0.12.15-zed (https://github.com/zed-industries/reqwest.git?rev=33bc764aa15ff7b200bf7c93bd96e24878d53e14#33bc764a)
   Compiling tar v0.4.46
    Checking documented v0.10.0
    Checking component v0.1.0 (/workspace/android-studio-toolbar-scroll-lead/crates/component)
    Checking menu v0.1.0 (/workspace/android-studio-toolbar-scroll-lead/crates/menu)
    Checking env_var v0.1.0 (/workspace/android-studio-toolbar-scroll-lead/crates/env_var)
    Checking dap-types v0.0.1 (https://github.com/zed-industries/dap-types?rev=1b461b310481d01e02b2603c16d7144b926339f8#1b461b31)
    Checking merman-render v0.8.0-alpha.5
    Checking num-format v0.4.4
   Compiling fs2 v0.4.3
   Compiling ui_macros v0.1.0 (/workspace/android-studio-toolbar-scroll-lead/crates/ui_macros)
    Checking cursor-icon v1.2.0
   Compiling unicode_categories v0.1.1
   Compiling sqlformat v0.2.6
    Checking vte v0.15.0
   Compiling android_tools v0.1.0 (/workspace/android-studio-toolbar-scroll-lead/crates/android_tools)
    Checking xml5ever v0.39.0
    Checking html5ever v0.39.0
    Checking theme_settings v0.1.0 (/workspace/android-studio-toolbar-scroll-lead/crates/theme_settings)
    Checking rustix-openpty v0.2.0
   Compiling naga v29.0.4
   Compiling stacksafe-macro v1.0.3
    Checking bit-vec v0.9.1
    Checking heck v0.5.0
    Checking home v0.5.11
   Compiling ash v0.38.0+1.3.281
   Compiling sqlez v0.1.0 (/workspace/android-studio-toolbar-scroll-lead/crates/sqlez)
    Checking merman v0.8.0-alpha.5
    Checking mermaid_render v0.1.0 (/workspace/android-studio-toolbar-scroll-lead/crates/mermaid_render)
    Checking alacritty_terminal v0.26.1-dev (https://github.com/zed-industries/alacritty?rev=4c129667ce56611becdc82de6e28218c80e2e88f#4c129667)
    Checking bit-set v0.9.1
    Checking stacksafe v1.0.3
    Checking markup5ever_rcdom v0.39.0+unofficial
    Checking pori v0.0.0
    Checking oauth_callback_server v0.1.0 (/workspace/android-studio-toolbar-scroll-lead/crates/oauth_callback_server)
    Checking codespan-reporting v0.13.0
    Checking zip v0.6.6
    Checking snippet v0.1.0 (/workspace/android-studio-toolbar-scroll-lead/crates/snippet)
    Checking ordered-float v5.5.0
   Compiling wayland-sys v0.31.11
    Checking spirv v0.4.0+sdk-1.4.341.0
    Checking sysinfo v0.39.6
    Checking linkify v0.10.0
    Checking hexf-parse v0.2.1
    Checking rustc-hash v1.1.0
    Checking unicode-ident v1.0.24
   Compiling khronos-egl v6.0.0
    Checking tungstenite v0.28.0
    Checking async-tungstenite v0.33.0
    Checking rpc v0.1.0 (/workspace/android-studio-toolbar-scroll-lead/crates/rpc)
    Checking rustls-platform-verifier v0.7.0
    Checking http_client_tls v0.1.0 (/workspace/android-studio-toolbar-scroll-lead/crates/http_client_tls)
    Checking yawc v0.4.2
    Checking cloud_api_client v0.1.0 (/workspace/android-studio-toolbar-scroll-lead/crates/cloud_api_client)
    Checking remote v0.1.0 (/workspace/android-studio-toolbar-scroll-lead/crates/remote)
    Checking terminal v0.1.0 (/workspace/android-studio-toolbar-scroll-lead/crates/terminal)
    Checking worktree v0.1.0 (/workspace/android-studio-toolbar-scroll-lead/crates/worktree)
    Checking buffer_diff v0.1.0 (/workspace/android-studio-toolbar-scroll-lead/crates/buffer_diff)
    Checking prettier v0.1.0 (/workspace/android-studio-toolbar-scroll-lead/crates/prettier)
    Checking markdown v0.1.0 (/workspace/android-studio-toolbar-scroll-lead/crates/markdown)
    Checking client v0.1.0 (/workspace/android-studio-toolbar-scroll-lead/crates/client)
    Checking context_server v0.1.0 (/workspace/android-studio-toolbar-scroll-lead/crates/context_server)
    Checking dap v0.1.0 (/workspace/android-studio-toolbar-scroll-lead/crates/dap)
    Checking extension v0.1.0 (/workspace/android-studio-toolbar-scroll-lead/crates/extension)
    Checking wax v0.7.0
    Checking snippet_provider v0.1.0 (/workspace/android-studio-toolbar-scroll-lead/crates/snippet_provider)
   Compiling sqlez_macros v0.1.0 (/workspace/android-studio-toolbar-scroll-lead/crates/sqlez_macros)
    Checking zed_env_vars v0.1.0 (/workspace/android-studio-toolbar-scroll-lead/crates/zed_env_vars)
    Checking dlib v0.5.3
    Checking git_hosting_providers v0.1.0 (/workspace/android-studio-toolbar-scroll-lead/crates/git_hosting_providers)
    Checking fancy-regex v0.19.0
    Checking wgpu-types v29.0.4
   Compiling wgpu-hal v29.0.4
    Checking gpu-descriptor-types v0.2.0
    Checking circular-buffer v1.2.0
    Checking presser v0.3.1
    Checking gpu-descriptor v0.3.2
    Checking wgpu-naga-bridge v29.0.4
    Checking language_model v0.1.0 (/workspace/android-studio-toolbar-scroll-lead/crates/language_model)
    Checking font-types v0.10.0
    Checking font-types v0.11.0
    Checking renderdoc-sys v1.1.0
    Checking glow v0.17.0
    Checking read-fonts v0.37.0
    Checking gpu-allocator v0.28.0
    Checking read-fonts v0.35.0
    Checking ui_input v0.1.0 (/workspace/android-studio-toolbar-scroll-lead/crates/ui_input)
   Compiling wgpu-core v29.0.4
   Compiling async-recursion v1.1.1
   Compiling litrs v1.0.0
    Checking fearless_simd v0.4.1
    Checking any_vec v0.14.0
    Checking betlang v0.1.1
   Compiling document-features v0.2.12
    Checking wgpu-core-deps-windows-linux-android v29.0.4
    Checking skrifa v0.37.0
   Compiling wgpu v29.0.4
    Checking yazi v0.2.1
    Checking zeno v0.3.3
    Checking swash v0.2.6
    Checking language_detection v0.1.0 (/workspace/android-studio-toolbar-scroll-lead/crates/language_detection)
    Checking skrifa v0.40.0
    Checking harfrust v0.5.0
    Checking edit_prediction_types v0.1.0 (/workspace/android-studio-toolbar-scroll-lead/crates/edit_prediction_types)
    Checking multi_buffer v0.1.0 (/workspace/android-studio-toolbar-scroll-lead/crates/multi_buffer)
    Checking vim_mode_setting v0.1.0 (/workspace/android-studio-toolbar-scroll-lead/crates/vim_mode_setting)
    Checking file_icons v0.1.0 (/workspace/android-studio-toolbar-scroll-lead/crates/file_icons)
    Checking emojis v0.9.0
    Checking assets v0.1.0 (/workspace/android-studio-toolbar-scroll-lead/crates/assets)
    Checking self_cell v1.2.2
    Checking rangemap v1.7.1
    Checking sys-locale v0.3.2
    Checking linebender_resource_handle v0.1.1
    Checking cosmic-text v0.19.0
    Checking gpui_wgpu v0.1.0 (/workspace/android-studio-toolbar-scroll-lead/crates/gpui_wgpu)
    Checking db v0.1.0 (/workspace/android-studio-toolbar-scroll-lead/crates/db)
    Checking session v0.1.0 (/workspace/android-studio-toolbar-scroll-lead/crates/session)
    Checking project v0.1.0 (/workspace/android-studio-toolbar-scroll-lead/crates/project)
    Checking agent_settings v0.1.0 (/workspace/android-studio-toolbar-scroll-lead/crates/agent_settings)
    Checking workspace v0.1.0 (/workspace/android-studio-toolbar-scroll-lead/crates/workspace)
    Checking breadcrumbs v0.1.0 (/workspace/android-studio-toolbar-scroll-lead/crates/breadcrumbs)
    Checking editor v0.1.0 (/workspace/android-studio-toolbar-scroll-lead/crates/editor)
    Checking android_ui v0.1.0 (/workspace/android-studio-toolbar-scroll-lead/crates/android_ui)
    Finished `release` profile [optimized + debuginfo] target(s) in 4m 14s
+ [[ -z '' ]]
+ which cargo-shear
+ exit 0
