+ cargo clippy --locked -p android_tools -p android_ui --release --all-targets --all-features -- --deny warnings
   Compiling gpui_util v0.1.0 (/workspace/android-studio-sync-console-filter/crates/gpui_util)
   Compiling collections v0.1.0 (/workspace/android-studio-sync-console-filter/crates/collections)
    Checking path v0.1.0 (/workspace/android-studio-sync-console-filter/crates/path)
   Compiling perf v0.1.0 (/workspace/android-studio-sync-console-filter/tooling/perf)
   Compiling util_macros v0.1.0 (/workspace/android-studio-sync-console-filter/crates/util_macros)
    Checking util v0.1.0 (/workspace/android-studio-sync-console-filter/crates/util)
    Checking gpui_shared_string v0.1.0 (/workspace/android-studio-sync-console-filter/crates/gpui_shared_string)
   Compiling ztracing v0.1.0 (/workspace/android-studio-sync-console-filter/crates/ztracing)
    Checking zlog v0.1.0 (/workspace/android-studio-sync-console-filter/crates/zlog)
   Compiling ztracing_macro v0.1.0 (/workspace/android-studio-sync-console-filter/crates/ztracing_macro)
    Checking http_client v0.1.0 (/workspace/android-studio-sync-console-filter/crates/http_client)
    Checking sum_tree v0.1.0 (/workspace/android-studio-sync-console-filter/crates/sum_tree)
   Compiling derive_refineable v0.1.0 (/workspace/android-studio-sync-console-filter/crates/refineable/derive_refineable)
   Compiling gpui v0.2.2 (/workspace/android-studio-sync-console-filter/crates/gpui)
    Checking scheduler v0.1.0 (/workspace/android-studio-sync-console-filter/crates/scheduler)
    Checking refineable v0.1.0 (/workspace/android-studio-sync-console-filter/crates/refineable)
   Compiling gpui_macros v0.1.0 (/workspace/android-studio-sync-console-filter/crates/gpui_macros)
    Checking cloud_llm_client v0.1.0 (/workspace/android-studio-sync-console-filter/crates/cloud_llm_client)
   Compiling paths v0.1.0 (/workspace/android-studio-sync-console-filter/crates/paths)
   Compiling release_channel v0.1.0 (/workspace/android-studio-sync-console-filter/crates/release_channel)
   Compiling proto v0.1.0 (/workspace/android-studio-sync-console-filter/crates/proto)
    Checking language_model_core v0.1.0 (/workspace/android-studio-sync-console-filter/crates/language_model_core)
    Checking settings_json v0.1.0 (/workspace/android-studio-sync-console-filter/crates/settings_json)
    Checking rope v0.1.0 (/workspace/android-studio-sync-console-filter/crates/rope)
    Checking net v0.1.0 (/workspace/android-studio-sync-console-filter/crates/net)
    Checking clock v0.1.0 (/workspace/android-studio-sync-console-filter/crates/clock)
   Compiling settings_macros v0.1.0 (/workspace/android-studio-sync-console-filter/crates/settings_macros)
    Checking settings_content v0.1.0 (/workspace/android-studio-sync-console-filter/crates/settings_content)
    Checking text v0.1.0 (/workspace/android-studio-sync-console-filter/crates/text)
    Checking askpass v0.1.0 (/workspace/android-studio-sync-console-filter/crates/askpass)
    Checking telemetry_events v0.1.0 (/workspace/android-studio-sync-console-filter/crates/telemetry_events)
    Checking telemetry v0.1.0 (/workspace/android-studio-sync-console-filter/crates/telemetry)
    Checking git v0.1.0 (/workspace/android-studio-sync-console-filter/crates/git)
    Checking fs v0.1.0 (/workspace/android-studio-sync-console-filter/crates/fs)
    Checking migrator v0.1.0 (/workspace/android-studio-sync-console-filter/crates/migrator)
    Checking settings v0.1.0 (/workspace/android-studio-sync-console-filter/crates/settings)
    Checking syntax_theme v0.1.0 (/workspace/android-studio-sync-console-filter/crates/syntax_theme)
    Checking theme v0.1.0 (/workspace/android-studio-sync-console-filter/crates/theme)
   Compiling android_tools v0.1.0 (/workspace/android-studio-sync-console-filter/crates/android_tools)
    Checking zed_actions v0.1.0 (/workspace/android-studio-sync-console-filter/crates/zed_actions)
    Checking task v0.1.0 (/workspace/android-studio-sync-console-filter/crates/task)
    Checking language_core v0.1.0 (/workspace/android-studio-sync-console-filter/crates/language_core)
    Checking rpc v0.1.0 (/workspace/android-studio-sync-console-filter/crates/rpc)
    Checking watch v0.1.0 (/workspace/android-studio-sync-console-filter/crates/watch)
    Checking fuzzy v0.1.0 (/workspace/android-studio-sync-console-filter/crates/fuzzy)
   Compiling language v0.1.0 (/workspace/android-studio-sync-console-filter/crates/language)
    Checking lsp v0.1.0 (/workspace/android-studio-sync-console-filter/crates/lsp)
    Checking fuzzy_nucleo v0.1.0 (/workspace/android-studio-sync-console-filter/crates/fuzzy_nucleo)
    Checking grammars v0.1.0 (/workspace/android-studio-sync-console-filter/crates/grammars)
    Checking zeta_prompt v0.1.0 (/workspace/android-studio-sync-console-filter/crates/zeta_prompt)
    Checking credentials_provider v0.1.0 (/workspace/android-studio-sync-console-filter/crates/credentials_provider)
    Checking cloud_api_types v0.1.0 (/workspace/android-studio-sync-console-filter/crates/cloud_api_types)
    Checking http_client_tls v0.1.0 (/workspace/android-studio-sync-console-filter/crates/http_client_tls)
    Checking gpui_tokio v0.1.0 (/workspace/android-studio-sync-console-filter/crates/gpui_tokio)
   Compiling feature_flags_macros v0.1.0 (/workspace/android-studio-sync-console-filter/crates/feature_flags_macros)
    Checking feature_flags v0.1.0 (/workspace/android-studio-sync-console-filter/crates/feature_flags)
    Checking cloud_api_client v0.1.0 (/workspace/android-studio-sync-console-filter/crates/cloud_api_client)
    Checking zed_credentials_provider v0.1.0 (/workspace/android-studio-sync-console-filter/crates/zed_credentials_provider)
    Checking worktree v0.1.0 (/workspace/android-studio-sync-console-filter/crates/worktree)
    Checking proxy_handshake v0.1.0 (/workspace/android-studio-sync-console-filter/crates/proxy_handshake)
    Checking icons v0.1.0 (/workspace/android-studio-sync-console-filter/crates/icons)
    Checking client v0.1.0 (/workspace/android-studio-sync-console-filter/crates/client)
    Checking node_runtime v0.1.0 (/workspace/android-studio-sync-console-filter/crates/node_runtime)
   Compiling ui v0.1.0 (/workspace/android-studio-sync-console-filter/crates/ui)
    Checking component v0.1.0 (/workspace/android-studio-sync-console-filter/crates/component)
    Checking menu v0.1.0 (/workspace/android-studio-sync-console-filter/crates/menu)
    Checking env_var v0.1.0 (/workspace/android-studio-sync-console-filter/crates/env_var)
   Compiling ui_macros v0.1.0 (/workspace/android-studio-sync-console-filter/crates/ui_macros)
    Checking dap v0.1.0 (/workspace/android-studio-sync-console-filter/crates/dap)
    Checking theme_settings v0.1.0 (/workspace/android-studio-sync-console-filter/crates/theme_settings)
    Checking extension v0.1.0 (/workspace/android-studio-sync-console-filter/crates/extension)
   Compiling sqlez v0.1.0 (/workspace/android-studio-sync-console-filter/crates/sqlez)
    Checking mermaid_render v0.1.0 (/workspace/android-studio-sync-console-filter/crates/mermaid_render)
    Checking oauth_callback_server v0.1.0 (/workspace/android-studio-sync-console-filter/crates/oauth_callback_server)
    Checking buffer_diff v0.1.0 (/workspace/android-studio-sync-console-filter/crates/buffer_diff)
    Checking snippet v0.1.0 (/workspace/android-studio-sync-console-filter/crates/snippet)
    Checking markdown v0.1.0 (/workspace/android-studio-sync-console-filter/crates/markdown)
    Checking terminal v0.1.0 (/workspace/android-studio-sync-console-filter/crates/terminal)
    Checking snippet_provider v0.1.0 (/workspace/android-studio-sync-console-filter/crates/snippet_provider)
    Checking context_server v0.1.0 (/workspace/android-studio-sync-console-filter/crates/context_server)
   Compiling sqlez_macros v0.1.0 (/workspace/android-studio-sync-console-filter/crates/sqlez_macros)
    Checking zed_env_vars v0.1.0 (/workspace/android-studio-sync-console-filter/crates/zed_env_vars)
    Checking prettier v0.1.0 (/workspace/android-studio-sync-console-filter/crates/prettier)
    Checking remote v0.1.0 (/workspace/android-studio-sync-console-filter/crates/remote)
    Checking git_hosting_providers v0.1.0 (/workspace/android-studio-sync-console-filter/crates/git_hosting_providers)
    Checking project v0.1.0 (/workspace/android-studio-sync-console-filter/crates/project)
    Checking db v0.1.0 (/workspace/android-studio-sync-console-filter/crates/db)
    Checking language_model v0.1.0 (/workspace/android-studio-sync-console-filter/crates/language_model)
    Checking agent_settings v0.1.0 (/workspace/android-studio-sync-console-filter/crates/agent_settings)
    Checking session v0.1.0 (/workspace/android-studio-sync-console-filter/crates/session)
    Checking ui_input v0.1.0 (/workspace/android-studio-sync-console-filter/crates/ui_input)
    Checking workspace v0.1.0 (/workspace/android-studio-sync-console-filter/crates/workspace)
    Checking breadcrumbs v0.1.0 (/workspace/android-studio-sync-console-filter/crates/breadcrumbs)
    Checking language_detection v0.1.0 (/workspace/android-studio-sync-console-filter/crates/language_detection)
    Checking multi_buffer v0.1.0 (/workspace/android-studio-sync-console-filter/crates/multi_buffer)
    Checking edit_prediction_types v0.1.0 (/workspace/android-studio-sync-console-filter/crates/edit_prediction_types)
    Checking file_icons v0.1.0 (/workspace/android-studio-sync-console-filter/crates/file_icons)
    Checking vim_mode_setting v0.1.0 (/workspace/android-studio-sync-console-filter/crates/vim_mode_setting)
    Checking assets v0.1.0 (/workspace/android-studio-sync-console-filter/crates/assets)
    Checking editor v0.1.0 (/workspace/android-studio-sync-console-filter/crates/editor)
    Checking gpui_wgpu v0.1.0 (/workspace/android-studio-sync-console-filter/crates/gpui_wgpu)
    Checking android_ui v0.1.0 (/workspace/android-studio-sync-console-filter/crates/android_ui)
    Finished `release` profile [optimized + debuginfo] target(s) in 3m 19s
+ [[ -z '' ]]
+ which cargo-shear
+ exit 0
