[android-studio-task/1-junit4-integration 93155342aa] Record JUnit4 declaration validation and retained review history
 Date: Wed Oct 7 18:55:01 2026 +0000
 74 files changed, 113405 insertions(+)
 create mode 100644 docs/android-studio/evidence/junit4-declarations/actual-cli-validation-script.log
 create mode 100644 docs/android-studio/evidence/junit4-declarations/brief-input-proof.json
 create mode 100644 docs/android-studio/evidence/junit4-declarations/cli-actual-1MiB-package-512-methods.log
 create mode 100644 docs/android-studio/evidence/junit4-declarations/cli-actual-1MiB-package-512-methods.measurement.json
 create mode 100644 docs/android-studio/evidence/junit4-declarations/cli-changed-evidence.log
 create mode 100644 docs/android-studio/evidence/junit4-declarations/cli-changed-evidence.measurement.json
 create mode 100644 docs/android-studio/evidence/junit4-declarations/cli-changed-provenance.log
 create mode 100644 docs/android-studio/evidence/junit4-declarations/cli-changed-provenance.measurement.json
 create mode 100644 docs/android-studio/evidence/junit4-declarations/cli-help.log
 create mode 100644 docs/android-studio/evidence/junit4-declarations/cli-help.measurement.json
 create mode 100644 docs/android-studio/evidence/junit4-declarations/cli-metadata-failure-existing-check.log
 create mode 100644 docs/android-studio/evidence/junit4-declarations/cli-metadata-failure-existing-check.measurement.json
 create mode 100644 docs/android-studio/evidence/junit4-declarations/cli-original-check.log
 create mode 100644 docs/android-studio/evidence/junit4-declarations/cli-original-check.measurement.json
 create mode 100644 docs/android-studio/evidence/junit4-declarations/cli-original-generation.log
 create mode 100644 docs/android-studio/evidence/junit4-declarations/cli-original-generation.measurement.json
 create mode 100644 docs/android-studio/evidence/junit4-declarations/cli-original-refuse-replacement.log
 create mode 100644 docs/android-studio/evidence/junit4-declarations/cli-original-refuse-replacement.measurement.json
 create mode 100644 docs/android-studio/evidence/junit4-declarations/cli-validation-summary.json
 create mode 100644 docs/android-studio/evidence/junit4-declarations/clippy-failure-dd66b94.json
 create mode 100644 docs/android-studio/evidence/junit4-declarations/current-114-test-executable.json
 create mode 100644 docs/android-studio/evidence/junit4-declarations/current-cargo-source-freshness-proof.json
 create mode 100644 docs/android-studio/evidence/junit4-declarations/declarations-candidate-68bfab0.json
 create mode 100644 docs/android-studio/evidence/junit4-declarations/evidence-manifest.json
 create mode 100644 docs/android-studio/evidence/junit4-declarations/fixed-source-snapshot-script.log
 create mode 100644 docs/android-studio/evidence/junit4-declarations/frozen-current-executables.json
 create mode 100644 docs/android-studio/evidence/junit4-declarations/historical-measurement-runner.log
 create mode 100644 docs/android-studio/evidence/junit4-declarations/lead-corrections-739d29d.json
 create mode 100644 docs/android-studio/evidence/junit4-declarations/metadata-budget-design.log
 create mode 100644 docs/android-studio/evidence/junit4-declarations/metadata-correction-source-proof-68bfab0.json
 create mode 100644 docs/android-studio/evidence/junit4-declarations/new-task-prevalidation.json
 create mode 100644 docs/android-studio/evidence/junit4-declarations/new-task-review-history.json
 create mode 100644 docs/android-studio/evidence/junit4-declarations/prior-corrected-module-739d29d.log
 create mode 100644 docs/android-studio/evidence/junit4-declarations/restored-state-proof.json
 create mode 100644 docs/android-studio/evidence/junit4-declarations/review-new-junit4-code-round1.log
 create mode 100644 docs/android-studio/evidence/junit4-declarations/review-new-junit4-code-round2.log
 create mode 100644 docs/android-studio/evidence/junit4-declarations/review-new-junit4-code-round3.log
 create mode 100644 docs/android-studio/evidence/junit4-declarations/review-new-junit4-code-round4.log
 create mode 100644 docs/android-studio/evidence/junit4-declarations/review-new-junit4-code-round5.log
 create mode 100644 docs/android-studio/evidence/junit4-declarations/review-new-junit4-performance-design-round1.log
 create mode 100644 docs/android-studio/evidence/junit4-declarations/review-new-junit4-performance-round1.log
 create mode 100644 docs/android-studio/evidence/junit4-declarations/review-new-junit4-performance-round2.log
 create mode 100644 docs/android-studio/evidence/junit4-declarations/review-new-junit4-performance-runtime-addendum.log
 create mode 100644 docs/android-studio/evidence/junit4-declarations/review-new-junit4-quality-round1.log
 create mode 100644 docs/android-studio/evidence/junit4-declarations/review-new-junit4-quality-runtime-addendum.log
 create mode 100644 docs/android-studio/evidence/junit4-declarations/review-new-junit4-ui-round1.log
 create mode 100644 docs/android-studio/evidence/junit4-declarations/review-new-junit4-ui-round2.log
 create mode 100644 docs/android-studio/evidence/junit4-declarations/review-new-junit4-ux-round1.log
 create mode 100644 docs/android-studio/evidence/junit4-declarations/review-new-junit4-ux-round2.log
 create mode 100644 docs/android-studio/evidence/junit4-declarations/runtime-failure-dd66b94.json
 create mode 100644 docs/android-studio/evidence/junit4-declarations/source-declaration-evidence.json
 create mode 100644 docs/android-studio/evidence/junit4-declarations/source-guard-after-current-cli.json
 create mode 100644 docs/android-studio/evidence/junit4-declarations/source-guard-after-source-commit.json
 create mode 100644 docs/android-studio/evidence/junit4-declarations/source-guard-before-current-validation.json
 create mode 100644 docs/android-studio/evidence/junit4-declarations/workspace-fmt-68bfab0.log
 create mode 100644 docs/android-studio/evidence/junit4-declarations/workspace-fmt-68bfab0.measurement.json
 create mode 100644 docs/android-studio/evidence/junit4-declarations/workspace-fmt-dd66b94.log
 create mode 100644 docs/android-studio/evidence/junit4-declarations/workspace-fmt-dd66b94.measurement.json
 create mode 100644 docs/android-studio/evidence/junit4-declarations/xtask-build-68bfab0.log
 create mode 100644 docs/android-studio/evidence/junit4-declarations/xtask-build-68bfab0.measurement.json
 create mode 100644 docs/android-studio/evidence/junit4-declarations/xtask-clippy-68bfab0.log
 create mode 100644 docs/android-studio/evidence/junit4-declarations/xtask-clippy-68bfab0.measurement.json
 create mode 100644 docs/android-studio/evidence/junit4-declarations/xtask-clippy-739d29d.log
 create mode 100644 docs/android-studio/evidence/junit4-declarations/xtask-clippy-739d29d.measurement.json
 create mode 100644 docs/android-studio/evidence/junit4-declarations/xtask-clippy-dd66b94.log
 create mode 100644 docs/android-studio/evidence/junit4-declarations/xtask-clippy-dd66b94.measurement.json
 create mode 100644 docs/android-studio/evidence/junit4-declarations/xtask-tests-68bfab0.log
 create mode 100644 docs/android-studio/evidence/junit4-declarations/xtask-tests-68bfab0.measurement.json
 create mode 100644 docs/android-studio/evidence/junit4-declarations/xtask-tests-739d29d.log
 create mode 100644 docs/android-studio/evidence/junit4-declarations/xtask-tests-739d29d.measurement.json
 create mode 100644 docs/android-studio/evidence/junit4-declarations/xtask-tests-dd66b94-unavailable-time.log
 create mode 100644 docs/android-studio/evidence/junit4-declarations/xtask-tests-dd66b94.log
 create mode 100644 docs/android-studio/evidence/junit4-declarations/xtask-tests-dd66b94.measurement.json
 create mode 100644 docs/android-studio/ports/junit4-declarations.json
