[android-studio-task/1-tree-adapter-integration 0e15a3d2b6] android: record tree adapter verification and parity limits
 Date: Wed Oct 7 20:27:11 2026 +0000
 74 files changed, 10078 insertions(+)
 create mode 100644 docs/android-studio/ports/evidence/tree-input-adapter/.gitattributes
 create mode 100644 docs/android-studio/ports/evidence/tree-input-adapter/README.md
 create mode 100644 docs/android-studio/ports/evidence/tree-input-adapter/actual-checks-summary.json
 create mode 100644 docs/android-studio/ports/evidence/tree-input-adapter/all-features-tests-retry1.json
 create mode 100644 docs/android-studio/ports/evidence/tree-input-adapter/all-features-tests-retry1.log
 create mode 100644 docs/android-studio/ports/evidence/tree-input-adapter/all-features-tests-retry2.json
 create mode 100644 docs/android-studio/ports/evidence/tree-input-adapter/all-features-tests-retry2.log
 create mode 100644 docs/android-studio/ports/evidence/tree-input-adapter/all-features-tests.json
 create mode 100644 docs/android-studio/ports/evidence/tree-input-adapter/all-features-tests.log
 create mode 100644 docs/android-studio/ports/evidence/tree-input-adapter/artifact-catalog.json
 create mode 100644 docs/android-studio/ports/evidence/tree-input-adapter/capacity-blocked-git-guard.json
 create mode 100644 docs/android-studio/ports/evidence/tree-input-adapter/check-queue.json
 create mode 100644 docs/android-studio/ports/evidence/tree-input-adapter/code-review-round1.md
 create mode 100644 docs/android-studio/ports/evidence/tree-input-adapter/code-review-round2.md
 create mode 100644 docs/android-studio/ports/evidence/tree-input-adapter/code-review-round3.md
 create mode 100644 docs/android-studio/ports/evidence/tree-input-adapter/compiler-source-elf-proof.json
 create mode 100644 docs/android-studio/ports/evidence/tree-input-adapter/fix-round1.json
 create mode 100644 docs/android-studio/ports/evidence/tree-input-adapter/fix-round2.json
 create mode 100644 docs/android-studio/ports/evidence/tree-input-adapter/fix-round3.json
 create mode 100644 docs/android-studio/ports/evidence/tree-input-adapter/format-check-final.json
 create mode 100644 docs/android-studio/ports/evidence/tree-input-adapter/format-check-final.log
 create mode 100644 docs/android-studio/ports/evidence/tree-input-adapter/format-check.json
 create mode 100644 docs/android-studio/ports/evidence/tree-input-adapter/format-check.log
 create mode 100644 docs/android-studio/ports/evidence/tree-input-adapter/immutable-inputs-before.json
 create mode 100644 docs/android-studio/ports/evidence/tree-input-adapter/library-build.json
 create mode 100644 docs/android-studio/ports/evidence/tree-input-adapter/library-build.log
 create mode 100644 docs/android-studio/ports/evidence/tree-input-adapter/measure-exact-test.py.txt
 create mode 100644 docs/android-studio/ports/evidence/tree-input-adapter/out-dir-relocation.json
 create mode 100644 docs/android-studio/ports/evidence/tree-input-adapter/performance-review-round1.md
 create mode 100644 docs/android-studio/ports/evidence/tree-input-adapter/performance-review-round2.md
 create mode 100644 docs/android-studio/ports/evidence/tree-input-adapter/performance-review-round3.md
 create mode 100644 docs/android-studio/ports/evidence/tree-input-adapter/post-stress-elf-proof.json
 create mode 100644 docs/android-studio/ports/evidence/tree-input-adapter/pre-cargo-freshness.json
 create mode 100644 docs/android-studio/ports/evidence/tree-input-adapter/quality-review-round1.md
 create mode 100644 docs/android-studio/ports/evidence/tree-input-adapter/quality-review-round2.md
 create mode 100644 docs/android-studio/ports/evidence/tree-input-adapter/quality-review-round3.md
 create mode 100644 docs/android-studio/ports/evidence/tree-input-adapter/quality-review-round4.md
 create mode 100644 docs/android-studio/ports/evidence/tree-input-adapter/raw-evidence-whitespace-preservation.json
 create mode 100644 docs/android-studio/ports/evidence/tree-input-adapter/review-source-final.json
 create mode 100644 docs/android-studio/ports/evidence/tree-input-adapter/review-source-round1.json
 create mode 100644 docs/android-studio/ports/evidence/tree-input-adapter/review-source-round2.json
 create mode 100644 docs/android-studio/ports/evidence/tree-input-adapter/review-source-round3.json
 create mode 100644 docs/android-studio/ports/evidence/tree-input-adapter/root-cache-consolidation-attempt1.json
 create mode 100644 docs/android-studio/ports/evidence/tree-input-adapter/root-generated-archive-byte-exact-consolidation.json
 create mode 100644 docs/android-studio/ports/evidence/tree-input-adapter/root-obsolete-allfeatures-static-cache-retirement.json
 create mode 100644 docs/android-studio/ports/evidence/tree-input-adapter/root-superseded-default-ui-retirement.json
 create mode 100644 docs/android-studio/ports/evidence/tree-input-adapter/round1-source-restoration.json
 create mode 100644 docs/android-studio/ports/evidence/tree-input-adapter/round1-source/project_tree_adapter.rs.txt
 create mode 100644 docs/android-studio/ports/evidence/tree-input-adapter/round1-source/src-project_tree_adapter.rs.txt
 create mode 100644 docs/android-studio/ports/evidence/tree-input-adapter/round1-source/tests-project_tree_adapter.rs.txt
 create mode 100644 docs/android-studio/ports/evidence/tree-input-adapter/round3-before-fixture-correction/src-project_tree_adapter.rs.txt
 create mode 100644 docs/android-studio/ports/evidence/tree-input-adapter/round3-before-fixture-correction/tests-project_tree_adapter.rs.txt
 create mode 100644 docs/android-studio/ports/evidence/tree-input-adapter/run-check.py.txt
 create mode 100644 docs/android-studio/ports/evidence/tree-input-adapter/runtime-status-final.json
 create mode 100644 docs/android-studio/ports/evidence/tree-input-adapter/runtime-status.json
 create mode 100644 docs/android-studio/ports/evidence/tree-input-adapter/source-commit.json
 create mode 100644 docs/android-studio/ports/evidence/tree-input-adapter/stress-20000-per-pid.json
 create mode 100644 docs/android-studio/ports/evidence/tree-input-adapter/stress-20000-per-pid.log
 create mode 100644 docs/android-studio/ports/evidence/tree-input-adapter/stress-20000-timed.log
 create mode 100644 docs/android-studio/ports/evidence/tree-input-adapter/stress-20000.json
 create mode 100644 docs/android-studio/ports/evidence/tree-input-adapter/stress-20000.log
 create mode 100644 docs/android-studio/ports/evidence/tree-input-adapter/stress-java-budget-per-pid.json
 create mode 100644 docs/android-studio/ports/evidence/tree-input-adapter/stress-java-budget-per-pid.log
 create mode 100644 docs/android-studio/ports/evidence/tree-input-adapter/stress-java-budget-timed.log
 create mode 100644 docs/android-studio/ports/evidence/tree-input-adapter/stress-java-budget.json
 create mode 100644 docs/android-studio/ports/evidence/tree-input-adapter/stress-java-budget.log
 create mode 100644 docs/android-studio/ports/evidence/tree-input-adapter/strict-clippy.json
 create mode 100644 docs/android-studio/ports/evidence/tree-input-adapter/strict-clippy.log
 create mode 100644 docs/android-studio/ports/evidence/tree-input-adapter/time-tool-unavailable.json
 create mode 100644 docs/android-studio/ports/evidence/tree-input-adapter/ui-review-round1.md
 create mode 100644 docs/android-studio/ports/evidence/tree-input-adapter/ui-review-round2.md
 create mode 100644 docs/android-studio/ports/evidence/tree-input-adapter/ux-review-round1.md
 create mode 100644 docs/android-studio/ports/evidence/tree-input-adapter/ux-review-round2.md
 create mode 100644 docs/android-studio/ports/tree-input-adapter.json
