   Compiling aws-lc-sys v0.42.0
   Compiling ui v0.1.0 (/workspace/android-studio-toolbar-scroll-lead/crates/ui)
   Compiling android_tools v0.1.0 (/workspace/android-studio-toolbar-scroll-lead/crates/android_tools)
   Compiling ui_input v0.1.0 (/workspace/android-studio-toolbar-scroll-lead/crates/ui_input)
   Compiling aws-lc-rs v1.17.1
   Compiling rustls v0.23.40
   Compiling rustls-webpki v0.103.13
   Compiling tokio-rustls v0.26.4
   Compiling tungstenite v0.28.0
   Compiling rustls-platform-verifier v0.7.0
   Compiling http_client_tls v0.1.0 (/workspace/android-studio-toolbar-scroll-lead/crates/http_client_tls)
   Compiling yawc v0.4.2
   Compiling async-tungstenite v0.33.0
   Compiling cloud_api_client v0.1.0 (/workspace/android-studio-toolbar-scroll-lead/crates/cloud_api_client)
   Compiling rpc v0.1.0 (/workspace/android-studio-toolbar-scroll-lead/crates/rpc)
   Compiling language v0.1.0 (/workspace/android-studio-toolbar-scroll-lead/crates/language)
   Compiling remote v0.1.0 (/workspace/android-studio-toolbar-scroll-lead/crates/remote)
   Compiling worktree v0.1.0 (/workspace/android-studio-toolbar-scroll-lead/crates/worktree)
   Compiling buffer_diff v0.1.0 (/workspace/android-studio-toolbar-scroll-lead/crates/buffer_diff)
   Compiling markdown v0.1.0 (/workspace/android-studio-toolbar-scroll-lead/crates/markdown)
   Compiling prettier v0.1.0 (/workspace/android-studio-toolbar-scroll-lead/crates/prettier)
   Compiling multi_buffer v0.1.0 (/workspace/android-studio-toolbar-scroll-lead/crates/multi_buffer)
   Compiling client v0.1.0 (/workspace/android-studio-toolbar-scroll-lead/crates/client)
   Compiling language_detection v0.1.0 (/workspace/android-studio-toolbar-scroll-lead/crates/language_detection)
   Compiling dap v0.1.0 (/workspace/android-studio-toolbar-scroll-lead/crates/dap)
   Compiling edit_prediction_types v0.1.0 (/workspace/android-studio-toolbar-scroll-lead/crates/edit_prediction_types)
   Compiling extension v0.1.0 (/workspace/android-studio-toolbar-scroll-lead/crates/extension)
   Compiling snippet_provider v0.1.0 (/workspace/android-studio-toolbar-scroll-lead/crates/snippet_provider)
   Compiling project v0.1.0 (/workspace/android-studio-toolbar-scroll-lead/crates/project)
   Compiling agent_settings v0.1.0 (/workspace/android-studio-toolbar-scroll-lead/crates/agent_settings)
   Compiling workspace v0.1.0 (/workspace/android-studio-toolbar-scroll-lead/crates/workspace)
   Compiling breadcrumbs v0.1.0 (/workspace/android-studio-toolbar-scroll-lead/crates/breadcrumbs)
   Compiling editor v0.1.0 (/workspace/android-studio-toolbar-scroll-lead/crates/editor)
   Compiling android_ui v0.1.0 (/workspace/android-studio-toolbar-scroll-lead/crates/android_ui)
    Finished `test` profile [unoptimized] target(s) in 1m 51s
