{
  "supplementaryOnly": true,
  "originalReferenceRuntimeTestCredit": 0,
  "root": "/workspace/android-studio-artifacts/import-identity-native-7e3f72e-retry2/generation-project",
  "modules": [
    {
      "module": ":app",
      "directory": "/workspace/android-studio-artifacts/import-identity-native-7e3f72e-retry2/generation-project/app",
      "versions": {
        "status": "available",
        "value": {
          "agp": "9.4.0",
          "producer": {
            "major": 23,
            "minor": 0,
            "description": "Android Gradle Plugin 9.1"
          },
          "minimumConsumer": {
            "status": "available",
            "value": {
              "major": 66,
              "minor": 1,
              "description": "Android Studio Iguana"
            }
          },
          "models": [
            {
              "name": "basic_android_project",
              "version": {
                "major": 0,
                "minor": 1,
                "description": null
              }
            },
            {
              "name": "android_project",
              "version": {
                "major": 0,
                "minor": 1,
                "description": null
              }
            },
            {
              "name": "android_dsl",
              "version": {
                "major": 0,
                "minor": 1,
                "description": null
              }
            },
            {
              "name": "variant_dependencies",
              "version": {
                "major": 0,
                "minor": 1,
                "description": null
              }
            },
            {
              "name": "native_module",
              "version": {
                "major": 0,
                "minor": 1,
                "description": null
              }
            },
            {
              "name": "model_producer",
              "version": {
                "major": 23,
                "minor": 0,
                "description": "Android Gradle Plugin 9.1"
              }
            },
            {
              "name": "minimum_model_consumer",
              "version": {
                "major": 66,
                "minor": 1,
                "description": "Android Studio Iguana"
              }
            }
          ]
        }
      },
      "buildFolder": {
        "status": "available",
        "value": "/workspace/android-studio-artifacts/import-identity-native-7e3f72e-retry2/generation-project/app/build"
      },
      "variants": {
        "status": "available",
        "value": [
          {
            "name": "demoDebug",
            "main": {
              "status": "available",
              "value": {
                "status": "present",
                "value": {
                  "kind": "android",
                  "generatedSourceFolders": {
                    "status": "available",
                    "value": [
                      "/workspace/android-studio-artifacts/import-identity-native-7e3f72e-retry2/generation-project/app/build/generated/ap_generated_sources/demoDebug/out"
                    ]
                  },
                  "generatedResourceFolders": {
                    "status": "available",
                    "value": []
                  },
                  "generatedAssetsFolders": {
                    "status": "available",
                    "value": [
                      "/workspace/android-studio-artifacts/import-identity-native-7e3f72e-retry2/generation-project/app/generated-outside-build/demoDebug"
                    ]
                  },
                  "generatedClassPaths": {
                    "status": "available",
                    "value": []
                  },
                  "classesFolders": {
                    "status": "available",
                    "value": [
                      "/workspace/android-studio-artifacts/import-identity-native-7e3f72e-retry2/generation-project/app/build/intermediates/javac/demoDebug/compileDemoDebugJavaWithJavac/classes",
                      "/workspace/android-studio-artifacts/import-identity-native-7e3f72e-retry2/generation-project/app/build/intermediates/compile_r_class_jar/demoDebug/generateDemoDebugRFile/R.jar",
                      "/workspace/android-studio-artifacts/import-identity-native-7e3f72e-retry2/generation-project/app/build/intermediates/built_in_kotlinc/demoDebug/compileDemoDebugKotlin/classes"
                    ]
                  },
                  "ideSetupTaskNames": {
                    "status": "available",
                    "value": [
                      "generateDemoDebugSources"
                    ]
                  },
                  "sourceGenTaskName": {
                    "status": "available",
                    "value": "generateDemoDebugSources"
                  },
                  "resGenTaskName": {
                    "status": "available",
                    "value": "generateDemoDebugResources"
                  }
                }
              }
            },
            "hostTests": {
              "status": "available",
              "value": [
                {
                  "artifact": "_unit_test_",
                  "value": {
                    "status": "present",
                    "value": {
                      "kind": "java",
                      "generatedSourceFolders": {
                        "status": "available",
                        "value": [
                          "/workspace/android-studio-artifacts/import-identity-native-7e3f72e-retry2/generation-project/app/build/generated/ap_generated_sources/demoDebugUnitTest/out"
                        ]
                      },
                      "generatedResourceFolders": {
                        "status": "notApplicable",
                        "value": "JavaArtifact does not declare generatedResourceFolders"
                      },
                      "generatedAssetsFolders": {
                        "status": "notApplicable",
                        "value": "JavaArtifact does not declare generatedAssetsFolders"
                      },
                      "generatedClassPaths": {
                        "status": "available",
                        "value": []
                      },
                      "classesFolders": {
                        "status": "available",
                        "value": [
                          "/workspace/android-studio-artifacts/import-identity-native-7e3f72e-retry2/generation-project/app/build/intermediates/javac/demoDebugUnitTest/compileDemoDebugUnitTestJavaWithJavac/classes",
                          "/workspace/android-studio-artifacts/import-identity-native-7e3f72e-retry2/generation-project/app/build/intermediates/built_in_kotlinc/demoDebugUnitTest/compileDemoDebugUnitTestKotlin/classes",
                          "/workspace/android-studio-artifacts/import-identity-native-7e3f72e-retry2/generation-project/app/build/intermediates/compile_and_runtime_r_class_jar/demoDebug/processDemoDebugResources/R.jar"
                        ]
                      },
                      "ideSetupTaskNames": {
                        "status": "available",
                        "value": [
                          "createMockableJar"
                        ]
                      },
                      "sourceGenTaskName": {
                        "status": "notApplicable",
                        "value": "JavaArtifact does not declare sourceGenTaskName"
                      },
                      "resGenTaskName": {
                        "status": "notApplicable",
                        "value": "JavaArtifact does not declare resGenTaskName"
                      }
                    }
                  }
                }
              ]
            },
            "deviceTests": {
              "status": "available",
              "value": [
                {
                  "artifact": "_android_test_",
                  "value": {
                    "status": "present",
                    "value": {
                      "kind": "android",
                      "generatedSourceFolders": {
                        "status": "available",
                        "value": [
                          "/workspace/android-studio-artifacts/import-identity-native-7e3f72e-retry2/generation-project/app/build/generated/ap_generated_sources/demoDebugAndroidTest/out"
                        ]
                      },
                      "generatedResourceFolders": {
                        "status": "available",
                        "value": []
                      },
                      "generatedAssetsFolders": {
                        "status": "available",
                        "value": []
                      },
                      "generatedClassPaths": {
                        "status": "available",
                        "value": []
                      },
                      "classesFolders": {
                        "status": "available",
                        "value": [
                          "/workspace/android-studio-artifacts/import-identity-native-7e3f72e-retry2/generation-project/app/build/intermediates/javac/demoDebugAndroidTest/compileDemoDebugAndroidTestJavaWithJavac/classes",
                          "/workspace/android-studio-artifacts/import-identity-native-7e3f72e-retry2/generation-project/app/build/intermediates/compile_r_class_jar/demoDebugAndroidTest/generateDemoDebugAndroidTestRFile/R.jar",
                          "/workspace/android-studio-artifacts/import-identity-native-7e3f72e-retry2/generation-project/app/build/intermediates/built_in_kotlinc/demoDebugAndroidTest/compileDemoDebugAndroidTestKotlin/classes"
                        ]
                      },
                      "ideSetupTaskNames": {
                        "status": "available",
                        "value": [
                          "generateDemoDebugAndroidTestSources"
                        ]
                      },
                      "sourceGenTaskName": {
                        "status": "available",
                        "value": "generateDemoDebugAndroidTestSources"
                      },
                      "resGenTaskName": {
                        "status": "available",
                        "value": "generateDemoDebugAndroidTestResources"
                      }
                    }
                  }
                }
              ]
            },
            "fixtures": {
              "status": "available",
              "value": {
                "status": "absent"
              }
            }
          },
          {
            "name": "demoRelease",
            "main": {
              "status": "available",
              "value": {
                "status": "present",
                "value": {
                  "kind": "android",
                  "generatedSourceFolders": {
                    "status": "available",
                    "value": [
                      "/workspace/android-studio-artifacts/import-identity-native-7e3f72e-retry2/generation-project/app/build/generated/ap_generated_sources/demoRelease/out"
                    ]
                  },
                  "generatedResourceFolders": {
                    "status": "available",
                    "value": []
                  },
                  "generatedAssetsFolders": {
                    "status": "available",
                    "value": [
                      "/workspace/android-studio-artifacts/import-identity-native-7e3f72e-retry2/generation-project/app/generated-outside-build/demoRelease"
                    ]
                  },
                  "generatedClassPaths": {
                    "status": "available",
                    "value": []
                  },
                  "classesFolders": {
                    "status": "available",
                    "value": [
                      "/workspace/android-studio-artifacts/import-identity-native-7e3f72e-retry2/generation-project/app/build/intermediates/javac/demoRelease/compileDemoReleaseJavaWithJavac/classes",
                      "/workspace/android-studio-artifacts/import-identity-native-7e3f72e-retry2/generation-project/app/build/intermediates/compile_r_class_jar/demoRelease/generateDemoReleaseRFile/R.jar",
                      "/workspace/android-studio-artifacts/import-identity-native-7e3f72e-retry2/generation-project/app/build/intermediates/built_in_kotlinc/demoRelease/compileDemoReleaseKotlin/classes"
                    ]
                  },
                  "ideSetupTaskNames": {
                    "status": "available",
                    "value": [
                      "generateDemoReleaseSources"
                    ]
                  },
                  "sourceGenTaskName": {
                    "status": "available",
                    "value": "generateDemoReleaseSources"
                  },
                  "resGenTaskName": {
                    "status": "available",
                    "value": "generateDemoReleaseResources"
                  }
                }
              }
            },
            "hostTests": {
              "status": "available",
              "value": []
            },
            "deviceTests": {
              "status": "available",
              "value": []
            },
            "fixtures": {
              "status": "available",
              "value": {
                "status": "absent"
              }
            }
          }
        ]
      }
    }
  ],
  "revisionBindingVerified": true,
  "importRevisionBindingVerified": true,
  "staleModelRevisionRejected": true,
  "staleSelectionRevisionRejected": true,
  "selectedVariantIdentityBound": true,
  "gradleVersion": "9.6.1",
  "rawBuildIdentity": {
    "rootName": {
      "getter": "org.gradle.api.Project.getRootProject().getName()",
      "result": {
        "status": "available",
        "value": "SourceProvidersSmoke"
      }
    },
    "rootDirectory": {
      "getter": "org.gradle.api.Project.getRootDir().getCanonicalPath()",
      "result": {
        "status": "available",
        "value": "/workspace/android-studio-artifacts/import-identity-native-7e3f72e-retry2/generation-project"
      }
    },
    "projectPath": {
      "getter": "org.gradle.api.Project.getPath()",
      "result": {
        "status": "available",
        "value": ":"
      }
    },
    "buildTreePath": {
      "getter": "org.gradle.api.Project.getBuildTreePath()",
      "result": {
        "status": "available",
        "value": ":"
      }
    },
    "referenceIdentityPath": {
      "getter": "org.gradle.api.internal.project.ProjectInternal.getIdentityPath().getPath()",
      "result": {
        "status": "available",
        "value": ":"
      }
    }
  },
  "rawProjectCatalogueObservation": {
    "getter": "org.gradle.api.Project.getAllprojects()",
    "result": {
      "status": "available",
      "value": [
        {
          "projectName": {
            "getter": "org.gradle.api.Project.getName()",
            "result": {
              "status": "available",
              "value": "SourceProvidersSmoke"
            }
          },
          "projectPath": {
            "getter": "org.gradle.api.Project.getPath()",
            "result": {
              "status": "available",
              "value": ":"
            }
          },
          "projectDirectory": {
            "getter": "org.gradle.api.Project.getProjectDir().getCanonicalPath()",
            "result": {
              "status": "available",
              "value": "/workspace/android-studio-artifacts/import-identity-native-7e3f72e-retry2/generation-project"
            }
          },
          "rootName": {
            "getter": "org.gradle.api.Project.getRootProject().getName()",
            "result": {
              "status": "available",
              "value": "SourceProvidersSmoke"
            }
          },
          "rootDirectory": {
            "getter": "org.gradle.api.Project.getRootDir().getCanonicalPath()",
            "result": {
              "status": "available",
              "value": "/workspace/android-studio-artifacts/import-identity-native-7e3f72e-retry2/generation-project"
            }
          },
          "parentProjectPath": {
            "getter": "org.gradle.api.Project.getParent()?.getPath()",
            "result": {
              "status": "available",
              "value": null
            }
          },
          "buildTreePath": {
            "getter": "org.gradle.api.Project.getBuildTreePath()",
            "result": {
              "status": "available",
              "value": ":"
            }
          },
          "referenceIdentityPath": {
            "getter": "org.gradle.api.internal.project.ProjectInternal.getIdentityPath().getPath()",
            "result": {
              "status": "available",
              "value": ":"
            }
          },
          "ideaPluginPresent": {
            "getter": "org.gradle.api.plugins.PluginContainer.findPlugin(org.gradle.plugins.ide.idea.IdeaPlugin.class)",
            "result": {
              "status": "available",
              "value": false
            }
          },
          "ideaModuleName": {
            "getter": "org.gradle.plugins.ide.idea.IdeaPlugin.getModel()?.getModule()?.getName()",
            "result": {
              "status": "available",
              "value": null
            }
          }
        },
        {
          "projectName": {
            "getter": "org.gradle.api.Project.getName()",
            "result": {
              "status": "available",
              "value": "app"
            }
          },
          "projectPath": {
            "getter": "org.gradle.api.Project.getPath()",
            "result": {
              "status": "available",
              "value": ":app"
            }
          },
          "projectDirectory": {
            "getter": "org.gradle.api.Project.getProjectDir().getCanonicalPath()",
            "result": {
              "status": "available",
              "value": "/workspace/android-studio-artifacts/import-identity-native-7e3f72e-retry2/generation-project/app"
            }
          },
          "rootName": {
            "getter": "org.gradle.api.Project.getRootProject().getName()",
            "result": {
              "status": "available",
              "value": "SourceProvidersSmoke"
            }
          },
          "rootDirectory": {
            "getter": "org.gradle.api.Project.getRootDir().getCanonicalPath()",
            "result": {
              "status": "available",
              "value": "/workspace/android-studio-artifacts/import-identity-native-7e3f72e-retry2/generation-project"
            }
          },
          "parentProjectPath": {
            "getter": "org.gradle.api.Project.getParent()?.getPath()",
            "result": {
              "status": "available",
              "value": ":"
            }
          },
          "buildTreePath": {
            "getter": "org.gradle.api.Project.getBuildTreePath()",
            "result": {
              "status": "available",
              "value": ":app"
            }
          },
          "referenceIdentityPath": {
            "getter": "org.gradle.api.internal.project.ProjectInternal.getIdentityPath().getPath()",
            "result": {
              "status": "available",
              "value": ":app"
            }
          },
          "ideaPluginPresent": {
            "getter": "org.gradle.api.plugins.PluginContainer.findPlugin(org.gradle.plugins.ide.idea.IdeaPlugin.class)",
            "result": {
              "status": "available",
              "value": false
            }
          },
          "ideaModuleName": {
            "getter": "org.gradle.plugins.ide.idea.IdeaPlugin.getModel()?.getModule()?.getName()",
            "result": {
              "status": "available",
              "value": null
            }
          }
        }
      ]
    }
  },
  "rawProjects": [
    {
      "projectName": {
        "getter": "org.gradle.api.Project.getName()",
        "result": {
          "status": "available",
          "value": "SourceProvidersSmoke"
        }
      },
      "projectPath": {
        "getter": "org.gradle.api.Project.getPath()",
        "result": {
          "status": "available",
          "value": ":"
        }
      },
      "projectDirectory": {
        "getter": "org.gradle.api.Project.getProjectDir().getCanonicalPath()",
        "result": {
          "status": "available",
          "value": "/workspace/android-studio-artifacts/import-identity-native-7e3f72e-retry2/generation-project"
        }
      },
      "rootName": {
        "getter": "org.gradle.api.Project.getRootProject().getName()",
        "result": {
          "status": "available",
          "value": "SourceProvidersSmoke"
        }
      },
      "rootDirectory": {
        "getter": "org.gradle.api.Project.getRootDir().getCanonicalPath()",
        "result": {
          "status": "available",
          "value": "/workspace/android-studio-artifacts/import-identity-native-7e3f72e-retry2/generation-project"
        }
      },
      "parentProjectPath": {
        "getter": "org.gradle.api.Project.getParent()?.getPath()",
        "result": {
          "status": "available",
          "value": null
        }
      },
      "buildTreePath": {
        "getter": "org.gradle.api.Project.getBuildTreePath()",
        "result": {
          "status": "available",
          "value": ":"
        }
      },
      "referenceIdentityPath": {
        "getter": "org.gradle.api.internal.project.ProjectInternal.getIdentityPath().getPath()",
        "result": {
          "status": "available",
          "value": ":"
        }
      },
      "ideaPluginPresent": {
        "getter": "org.gradle.api.plugins.PluginContainer.findPlugin(org.gradle.plugins.ide.idea.IdeaPlugin.class)",
        "result": {
          "status": "available",
          "value": false
        }
      },
      "ideaModuleName": {
        "getter": "org.gradle.plugins.ide.idea.IdeaPlugin.getModel()?.getModule()?.getName()",
        "result": {
          "status": "available",
          "value": null
        }
      }
    },
    {
      "projectName": {
        "getter": "org.gradle.api.Project.getName()",
        "result": {
          "status": "available",
          "value": "app"
        }
      },
      "projectPath": {
        "getter": "org.gradle.api.Project.getPath()",
        "result": {
          "status": "available",
          "value": ":app"
        }
      },
      "projectDirectory": {
        "getter": "org.gradle.api.Project.getProjectDir().getCanonicalPath()",
        "result": {
          "status": "available",
          "value": "/workspace/android-studio-artifacts/import-identity-native-7e3f72e-retry2/generation-project/app"
        }
      },
      "rootName": {
        "getter": "org.gradle.api.Project.getRootProject().getName()",
        "result": {
          "status": "available",
          "value": "SourceProvidersSmoke"
        }
      },
      "rootDirectory": {
        "getter": "org.gradle.api.Project.getRootDir().getCanonicalPath()",
        "result": {
          "status": "available",
          "value": "/workspace/android-studio-artifacts/import-identity-native-7e3f72e-retry2/generation-project"
        }
      },
      "parentProjectPath": {
        "getter": "org.gradle.api.Project.getParent()?.getPath()",
        "result": {
          "status": "available",
          "value": ":"
        }
      },
      "buildTreePath": {
        "getter": "org.gradle.api.Project.getBuildTreePath()",
        "result": {
          "status": "available",
          "value": ":app"
        }
      },
      "referenceIdentityPath": {
        "getter": "org.gradle.api.internal.project.ProjectInternal.getIdentityPath().getPath()",
        "result": {
          "status": "available",
          "value": ":app"
        }
      },
      "ideaPluginPresent": {
        "getter": "org.gradle.api.plugins.PluginContainer.findPlugin(org.gradle.plugins.ide.idea.IdeaPlugin.class)",
        "result": {
          "status": "available",
          "value": false
        }
      },
      "ideaModuleName": {
        "getter": "org.gradle.plugins.ide.idea.IdeaPlugin.getModel()?.getModule()?.getName()",
        "result": {
          "status": "available",
          "value": null
        }
      }
    }
  ],
  "binding": {
    "modelRevision": 2,
    "selectionRevision": 2,
    "selectedVariants": [
      {
        "module": ":app",
        "variant": "demoDebug"
      }
    ]
  }
}
