
running 117 tests
test android_build::tests::interleaved_task_output_deduplicates_and_attributes_named_failures ... ok
test android_build::tests::live_output_arrives_before_exit_and_can_cancel_the_process ... ok
test android_build::tests::captures_stdout_separately_and_reports_stderr_and_failures ... ok
test android_build::tests::cancellation_terminates_descendant_processes ... ok
test android_build::tests::output_preserves_blank_lines_unicode_and_model_text ... ok
test android_build::tests::repeated_task_names_and_diagnostics_stay_in_their_sync_phase ... ok
test android_build::tests::logs_remain_bounded_and_task_offsets_survive_eviction ... ok
test android_build::tests::timeout_and_preexisting_cancellation_prevent_success ... ok
test android_build::tests::tree_filters_completed_steps_and_groups_task_diagnostics ... ok
test android_build::tests::widest_console_row_tracks_eviction_and_import_phases ... ok
test android_debugger::tests::validates_adb_process_and_port ... ok
test android_debugger::tests::waits_for_application_process ... ok
test android_build::tests::sync_retains_project_root_and_completed_import_phases ... ok
test android_build::tests::pane_renders_empty_and_split_output_and_keeps_both_sessions ... ok
test android_build::tests::long_task_names_keep_distinct_identities_with_bounded_storage ... ok
test android_logcat::runtime_tests::background_filter_preserves_matching_capture_suffix ... ok
test android_logcat::runtime_tests::background_find_merges_live_matches_and_cancels_when_closed ... ok
test android_logcat::runtime_tests::column_estimates_cover_formatted_ascii_and_unicode_metadata_without_allocating_lines ... ok
test android_logcat::runtime_tests::clearing_cancels_pending_filter_without_restoring_old_rows ... ok
test android_logcat::paint_tests::dragging_repaints_virtualized_logcat_without_hit_testing_overscan ... ok
test android_logcat::runtime_tests::filtering_drops_old_width_even_when_capture_continues ... ok
test android_logcat::runtime_tests::find_position_remains_valid_as_matches_are_evicted ... ok
test android_logcat::runtime_tests::importing_saved_logs_exits_pause_and_cancels_live_snapshot ... ok
test android_logcat::paint_tests::dragging_unicode_uses_fresh_layouts_after_horizontal_scroll_and_resize ... ok
test android_logcat::runtime_tests::large_messages_use_workers_even_with_few_rows ... ok
test android_logcat::runtime_tests::pause_freezes_latest_rows_when_a_filter_is_pending ... ok
test android_logcat::runtime_tests::newest_typed_filter_cancels_debounced_results ... ok
test android_logcat::runtime_tests::replaced_worker_observes_cancellation_before_scanning_retained_rows ... ok
test android_logcat::tests::completions_preserve_groups_quoted_values_suffixes_and_operators ... ok
test android_logcat::runtime_tests::pending_find_matches_are_recorded_during_bounded_capture ... ok
test android_logcat::tests::display_keeps_metadata_and_message_on_one_line_and_preserves_stacktraces ... ok
test android_logcat::runtime_tests::source_links_resolve_in_background_and_are_cached_until_selection_changes ... ok
test android_logcat::tests::current_app_query_excludes_other_apps_and_tracks_scope_changes ... ok
test android_logcat::tests::frozen_logs_survive_eviction_and_disconnected_selection_is_preserved ... ok
test android_logcat::tests::package_mine_uses_the_selected_android_target ... ok
test android_logcat::tests::preferences_default_to_current_app_and_preserve_explicit_all_logs ... ok
test android_logcat::tests::dragging_text_copies_partial_unicode_and_right_click_opens_message_menu ... ok
test android_logcat::tests::find_is_hidden_until_invoked_and_escape_restores_log_focus ... ok
test android_logcat::tests::suggestion_geometry_stays_below_input_and_within_available_space ... ok
test android_logcat::tests::scrollbar_tracks_stay_in_viewport_after_horizontal_scrolling ... ok
test android_logcat::tests::query_popup_keyboard_completion_preserves_following_terms ... ok
test android_logcat::tests::suggestions_are_below_input_left_aligned_and_scrollable ... ok
test android_logcat::tests::text_selection_reverses_across_wrapped_rows_and_tracks_live_updates ... ok
test android_logcat::tests::unwrapped_lines_share_horizontal_scroll_and_wrap_resets_it ... ok
test android_preview::tests::capture_compose_preview_surface ... ignored, Requires a headless Vulkan adapter; writes native GPUI screenshots
test android_logcat_panel::tests::logcat_tabs_and_splits_stay_in_bottom_dock_and_preserve_editors ... ok
test android_preview::tests::automatic_refresh_tracks_preview_tab_visibility ... ok
test android_preview::tests::card_diagnostics_scroll_without_moving_the_gallery ... ok
test android_preview::tests::changing_variant_cancels_old_render_and_invalidates_source_navigation ... ok
test android_preview::tests::changing_project_creates_an_editor_owned_preview_without_rebinding_other_tabs ... ok
Logcat 50,000 rows: initial paint 17.44653ms, filter/completion handler 616.228µs, nine-key dispatch 444.216868ms, per key [67.109709ms, 54.556429ms, 54.428628ms, 45.254118ms, 36.001549ms, 42.483674ms, 39.932386ms, 50.324505ms, 54.084549ms]; 100-row nine-key baseline 344.389797ms
test android_logcat::runtime_tests::fifty_thousand_rows_keep_painting_and_typing_virtualized ... ok
test android_preview::tests::configuration_recovery_resumes_without_restarting_explicit_stop ... ok
test android_preview::tests::collapse_and_keyboard_preview_choice_reveal_the_selected_variant ... ok
test android_preview::tests::generated_outputs_do_not_schedule_preview_refreshes ... ok
test android_preview::tests::grouping_retains_variants_parameter_values_and_individual_failures ... ok
test android_preview::tests::embedded_divider_resizes_and_bottom_controls_share_the_same_center ... ok
test android_preview::tests::generated_buffers_do_not_trigger_automatic_builds ... ok
test android_preview::tests::hiding_a_source_tab_cancels_work_and_releases_decoded_images ... ok
test android_preview::tests::hiding_preview_preserves_other_tabs_and_unsaved_edits ... ok
test android_preview::tests::inactive_variant_source_is_rejected_before_starting_preview_tools ... ok
test android_preview::tests::invalidation_while_loading_navigation_keeps_the_original_source_tab ... ok
test android_preview::tests::gallery_virtualizes_wrapped_rows_and_preserves_the_group_when_zooming ... ok
test android_preview::tests::moving_a_source_tab_keeps_its_embedded_preview ... ok
test android_preview::tests::inspecting_scaled_preview_navigates_to_the_composable ... ok
test android_preview::tests::preview_menu_opened_during_refresh_cannot_select_a_replaced_card ... ok
test android_preview::tests::previews_belong_to_source_tabs_and_survive_tab_switches ... ok
test android_preview::tests::pan_drag_scrolls_without_inspecting_or_navigating ... ok
test android_preview::tests::refresh_requests_coalesce_and_preserve_manual_refresh ... ok
test android_preview::tests::returning_to_the_same_variant_invalidates_the_previous_model_gallery ... ok
test android_preview::tests::rebuilding_preserves_selection_collapsed_groups_and_scroll_by_preview_identity ... ok
test android_preview::tests::resizing_reflows_groups_and_fit_preserves_device_proportions ... ok
test android_preview::tests::saving_an_untitled_kotlin_buffer_subscribes_to_future_edits ... ok
test android_preview::tests::selected_source_scopes_control_automatic_preview_refresh ... ok
test android_preview::tests::variable_device_sizes_wrap_at_a_shared_scale_and_collapse_by_function ... ok
test android_preview::tests::showing_existing_preview_keeps_the_source_tab_and_pane ... ok
test tabbed_toolbar::tests::adding_tab_should_not_trigger_select_listener ... ok
test tabbed_toolbar::tests::callbacks_can_rebuild_toolbar_after_selection_and_middle_close ... ok
test tabbed_toolbar::tests::can_select_tab_by_index ... ok
test android_status::tests::status_stays_visible_with_build_hidden_and_cancels_sync_and_build ... ok
test tabbed_toolbar::tests::closed_is_called_when_clicked ... ok
test android_preview::tests::zooming_another_pane_pauses_hidden_previews ... ok
test tabbed_toolbar::tests::component_is_added_element ... ok
test android_preview::tests::source_navigation_diagnostic_is_available_from_the_keyboard_menu ... ok
test tabbed_toolbar::tests::no_close_button_when_no_listener ... ok
test tabbed_toolbar::tests::icon_buttons_callback_when_clicked ... ok
test tabbed_toolbar::tests::pointer_space_middle_close_and_invalid_selection_use_production_callbacks ... ok
test tests::android_model_inputs_include_build_logic_and_exclude_outputs ... ok
test tabbed_toolbar::tests::tab_is_added ... ok

thread 'tabbed_toolbar::tests::overflow_scrolls_and_resizing_retains_title_actions_and_tabs' (147296) panicked at crates/android_ui/src/tabbed_toolbar.rs:925:9:
Left arrow after resize; state (Point { x: -0px, y: 0px }, Point { x: 0px, y: 0px }, true, false)
note: run with `RUST_BACKTRACE=1` environment variable to display a backtrace
test tabbed_toolbar::tests::title_tabs_and_multiple_actions_retain_reference_geometry ... ok
test tabbed_toolbar::tests::overflow_scrolls_and_resizing_retains_title_actions_and_tabs ... FAILED
test tests::android_tasks_preserve_literal_arguments ... ok
test tests::background_emulator_output_keeps_bounded_error_details ... ok
test tests::build_variant_menu_recovers_from_removed_selection ... ok
test tests::custom_input_roots_survive_invalidation_and_exclude_generated_roots ... ok
test tests::default_build_variant_uses_the_gradle_model ... ok
test tests::completed_build_does_not_continue_in_a_different_project ... ok
test tests::default_build_variant_is_selected_and_remembered ... ok
test tests::android_panel_respects_trust_roots_and_device_state ... ok
test tests::device_menu_uses_refreshed_devices_and_preserves_selection ... ok
test tests::emulator_startup_checks_live_devices_after_an_emulator_closes ... ok
test tests::emulator_wait_handles_ready_failed_and_unfinished_startup ... ok
test tests::invalidated_variants_wait_for_sync_before_building ... ok
test tests::managed_java_pause_preserves_custom_settings_and_restores_server_selection ... ok
test tests::dirty_custom_resources_are_saved_before_sync_and_build ... ok
test tests::obsolete_terminal_callbacks_preserve_the_current_operation ... ok
test tests::official_kotlin_refresh_preserves_pending_work_and_rejects_stale_publication ... ok
test tests::official_kotlin_restart_preserves_other_roots_and_servers ... ok
test tests::official_kotlin_settings_preserve_preferences_and_refresh_variants ... ok
test tests::official_kotlin_setup_coordinates_library_restoration ... ok
test tests::run_schedules_build_and_background_emulator_together_and_cancels_both ... ok
test tests::run_waits_for_emulator_only_after_build_and_times_out_without_deploying ... ok
test tests::shared_model_invalidation_cancels_emulator_deploy_and_debug_followups ... ok
test tests::status_bar_cancels_post_build_emulator_wait_without_deploying ... ok
test tests::stop_build_cancels_post_build_emulator_wait_without_deploying ... ok
test tests::stop_sync_cancels_pending_import_after_the_command_exits ... ok
test tests::emulator_readiness_revalidates_avd_when_a_serial_is_reused ... ok
test tests::emulator_readiness_checks_selected_avd_and_waits_for_full_boot ... ok

failures:

failures:
    tabbed_toolbar::tests::overflow_scrolls_and_resizing_retains_title_actions_and_tabs

test result: FAILED. 115 passed; 1 failed; 1 ignored; 0 measured; 0 filtered out; finished in 5.86s

